******************************************************************************
                  TI ARM Linker PC v18.1.4                     
******************************************************************************
>> Linked Thu Nov  7 20:51:53 2019

OUTPUT FILE NAME:   <adc1.out>
ENTRY POINT SYMBOL: "_c_int00"  address: 000049a0


MEMORY CONFIGURATION

         name            origin    length      used     unused   attr    fill
----------------------  --------  ---------  --------  --------  ----  --------
  VECTORS               00000000   00000020  00000020  00000000     X
  FLASH0                00000020   0005ffe0  0000520c  0005add4  R  X
  STACKS                08000000   00001500  00000000  00001500  RW  
  RAM                   08001500   00006b00  00000000  00006b00  RW  


SEGMENT ALLOCATION MAP

run origin  load origin   length   init length attrs members
----------  ----------- ---------- ----------- ----- -------
00000000    00000000    0000522c   0000522c    r-x
  00000000    00000000    00000020   00000020    r-x .intvecs
  00000020    00000020    0000508c   0000508c    r-x .text
  000050ac    000050ac    00000180   00000180    r-- .const


SECTION ALLOCATION MAP

 output                                  attributes/
section   page    origin      length       input sections
--------  ----  ----------  ----------   ----------------
.intvecs   0    00000000    00000020     
                  00000000    00000020     sys_intvecs.obj (.intvecs)

.text      0    00000020    0000508c     
                  00000020    000024f0     sys_selftest.obj (.text)
                  00002510    00000aa0     system.obj (.text)
                  00002fb0    00000898     sys_vim.obj (.text)
                  00003848    00000664     errata_SSWF021_45.obj (.text)
                  00003eac    000005bc     esm.obj (.text)
                  00004468    000002d0     sys_core.obj (.text)
                  00004738    00000268     sys_vim.obj (.text:retain)
                  000049a0    0000021c     sys_startup.obj (.text:retain)
                  00004bbc    00000150     pinmux.obj (.text)
                  00004d0c    000000ec     esm.obj (.text:retain)
                  00004df8    000000e8     dabort.obj (.text)
                  00004ee0    000000e0     sys_pmu.obj (.text)
                  00004fc0    0000006c     notification.obj (.text)
                  0000502c    00000068     rtsv7R4_A_le_eabi.lib : autoinit.c.obj (.text:__TI_auto_init_nobinit_nopinit:__TI_auto_init_nobinit_nopinit)
                  00005094    00000008                           : exit.c.obj (.text:abort:abort)
                  0000509c    00000008     sys_main.obj (.text)
                  000050a4    00000004     sys_phantom.obj (.text:retain)
                  000050a8    00000004     sys_startup.obj (.text)

.const     0    000050ac    00000180     
                  000050ac    00000180     sys_vim.obj (.const:s_vim_init)

.cinit     0    00000020    00000000     UNINITIALIZED

MODULE SUMMARY

       Module                  code    ro data   rw data
       ------                  ----    -------   -------
    .\source\
       sys_selftest.obj        9456    0         0      
       sys_vim.obj             2816    384       0      
       system.obj              2720    0         0      
       esm.obj                 1704    0         0      
       errata_SSWF021_45.obj   1636    0         0      
       sys_core.obj            720     0         0      
       sys_startup.obj         544     0         0      
       pinmux.obj              336     0         0      
       dabort.obj              232     0         0      
       sys_pmu.obj             224     0         0      
       notification.obj        108     0         0      
       sys_intvecs.obj         32      0         0      
       sys_main.obj            8       0         0      
       sys_phantom.obj         4       0         0      
    +--+-----------------------+-------+---------+---------+
       Total:                  20540   384       0      
                                                        
    C:\ti\ccsv8\tools\compiler\ti-cgt-arm_18.1.4.LTS\lib\rtsv7R4_A_le_eabi.lib
       autoinit.c.obj          104     0         0      
       exit.c.obj              8       0         0      
    +--+-----------------------+-------+---------+---------+
       Total:                  112     0         0      
                                                        
    +--+-----------------------+-------+---------+---------+
       Grand Total:            20652   384       0      


GLOBAL SYMBOLS: SORTED ALPHABETICALLY BY Name 

address   name                                
-------   ----                                
00005094  C$$EXIT                             
UNDEFED   SHT$$INIT_ARRAY$$Base               
UNDEFED   SHT$$INIT_ARRAY$$Limit              
UNDEFED   __TI_CINIT_Base                     
UNDEFED   __TI_CINIT_Limit                    
UNDEFED   __TI_Handler_Table_Base             
UNDEFED   __TI_Handler_Table_Limit            
00004730  __TI_PINIT_Base                     
00004734  __TI_PINIT_Limit                    
0000502c  __TI_auto_init_nobinit_nopinit      
ffffffff  __TI_pprof_out_hndl                 
ffffffff  __TI_prof_data_size                 
ffffffff  __TI_prof_data_start                
00000000  __TI_static_base__                  
ffffffff  __binit__                           
ffffffff  __c_args__                          
000049a0  _c_int00                            
00004658  _coreClearAuxiliaryDataFault_       
0000466c  _coreClearAuxiliaryInstructionFault_
00004630  _coreClearDataFaultAddress_         
00004608  _coreClearDataFault_                
00004644  _coreClearInstructionFaultAddress_  
0000461c  _coreClearInstructionFault_         
0000459c  _coreDisableEventBusExport_         
000045e0  _coreDisableFlashEcc_               
000045bc  _coreDisableRamEcc_                 
0000458c  _coreEnableEventBusExport_          
000045cc  _coreEnableFlashEcc_                
000045f0  _coreEnableIrqVicOffset_            
000045ac  _coreEnableRamEcc_                  
00004650  _coreGetAuxiliaryDataFault_         
00004664  _coreGetAuxiliaryInstructionFault_  
00004628  _coreGetDataFaultAddress_           
00004600  _coreGetDataFault_                  
0000463c  _coreGetInstructionFaultAddress_    
00004614  _coreGetInstructionFault_           
00004468  _coreInitRegisters_                 
00004520  _coreInitStackPointer_              
00004df8  _dabort                             
00004680  _disable_FIQ_interrupt_             
00004688  _disable_IRQ_interrupt_             
00004678  _disable_interrupt_                 
00004690  _enable_interrupt_                  
00004720  _errata_CORTEXR4_66_                
00003848  _errata_SSWF021_45_both_plls        
00003a3c  _errata_SSWF021_45_pll1             
00003bb4  _errata_SSWF021_45_pll2             
00004698  _esmCcmErrorsClear_                 
0000456c  _getCPSRValue_                      
00004574  _gotoCPUIdle_                       
00004f3c  _pmuDisableCountersGlobal_          
00004f2c  _pmuEnableCountersGlobal_           
00004f98  _pmuGetCycleCount_                  
00004fa0  _pmuGetEventCount_                  
00004fac  _pmuGetOverflow_                    
00004ee0  _pmuInit_                           
00004f6c  _pmuResetCounters_                  
00004f4c  _pmuResetCycleCounter_              
00004f5c  _pmuResetEventCounters_             
00004f8c  _pmuSetCountEvent_                  
00004f7c  _pmuStartCounters_                  
00004f84  _pmuStopCounters_                   
UNDEFED   _system_post_cinit                  
00005094  abort                               
00001004  adc1ParityCheck                     
00005018  adcNotification                     
ffffffff  binit                               
000010bc  can1ParityCheck                     
00001198  can2ParityCheck                     
00000030  ccmSelfCheck                        
00002034  ccmr4GetConfigValue                 
00000938  checkB0RAMECC                       
00000b28  checkB1RAMECC                       
00001604  checkClockMonitor                   
00000d18  checkFlashECC                       
000016d8  checkFlashEEPROMECC                 
00001880  checkPLL1Slip                       
0000199c  checkRAMAddrParity                  
000013bc  checkRAMECC                         
00001aa4  checkRAMUERRTest                    
000007bc  checkefcSelfTest                    
00000234  cpuSelfTest                         
00000dfc  cpuSelfTestFail                     
00002ef0  customTrimLPO                       
00000df4  custom_dabort                       
00002424  disableParity                       
00000660  efcCheck                            
00001f98  efcGetConfigValue                   
00000794  efcSelfTest                         
000006e8  efcStuckZeroTest                    
000023d0  enableParity                        
000020b0  errata_PBIST_4                      
00004030  esmActivateNormalOperation          
00004104  esmClearStatus                      
00004144  esmClearStatusBuffer                
00003ff8  esmDisableError                     
00004068  esmDisableInterrupt                 
00003fd0  esmEnableError                      
00004040  esmEnableInterrupt                  
0000423c  esmEnterSelfTest                    
00003fb4  esmError                            
00004314  esmGetConfigValue                   
00004180  esmGetStatus                        
00004204  esmGetStatusBuffer                  
00004fc0  esmGroup1Notification               
00004fd0  esmGroup2Notification               
00004d0c  esmHighInterrupt                    
00003eac  esmInit                             
000042c4  esmSelfTestStatus                   
00004160  esmSetCounterPreloadValue           
00004090  esmSetInterruptLevel                
00004020  esmTriggerErrorPinReset             
00001c00  fmcBus1ParityCheck                  
0000085c  fmcBus2Check                        
00000898  fmcECCcheck                         
000050a8  handlePLLLockFail                   
00000eac  het1ParityCheck                     
00000f4c  htu1ParityCheck                     
0000509c  main                                
00002668  mapClocks                           
00000174  memoryInit                          
00004fe0  memoryPort0TestFailNotification     
00004ffc  memoryPort1TestFailNotification     
00001260  mibspi1ParityCheck                  
00004bbc  muxInit                             
00001d2c  pbistFail                           
00001db0  pbistGetConfigValue                 
000005a8  pbistIsTestCompleted                
000005d4  pbistIsTestPassed                   
00000608  pbistPortTestStatus                 
000004ac  pbistRun                            
000002cc  pbistSelfCheck                      
00000578  pbistStop                           
00002614  periphInit                          
000050a4  phantomInterrupt                    
00004c44  pinmuxGetConfigValue                
00000000  resetEntry                          
00000020  selftestFailNotification            
000025d4  setupFlash                          
00002510  setupPLL                            
00002db4  sramGetConfigValue                  
00001ef8  stcGetConfigValue                   
000001b8  stcSelfCheck                        
00000df8  stcSelfCheckFail                    
00002848  systemGetConfigValue                
0000274c  systemInit                          
00002818  systemPowerDown                     
00002c08  tcmflashGetConfigValue              
00002560  trimLPO                             
00003084  vimChannelMap                       
00003280  vimDisableInterrupt                 
00003128  vimEnableInterrupt                  
00003304  vimGetConfigValue                   
00002fb0  vimInit                             
00000e00  vimParityCheck                      
00004738  vimParityErrorHandler               


GLOBAL SYMBOLS: SORTED BY Symbol Address 

address   name                                
-------   ----                                
00000000  __TI_static_base__                  
00000000  resetEntry                          
00000020  selftestFailNotification            
00000030  ccmSelfCheck                        
00000174  memoryInit                          
000001b8  stcSelfCheck                        
00000234  cpuSelfTest                         
000002cc  pbistSelfCheck                      
000004ac  pbistRun                            
00000578  pbistStop                           
000005a8  pbistIsTestCompleted                
000005d4  pbistIsTestPassed                   
00000608  pbistPortTestStatus                 
00000660  efcCheck                            
000006e8  efcStuckZeroTest                    
00000794  efcSelfTest                         
000007bc  checkefcSelfTest                    
0000085c  fmcBus2Check                        
00000898  fmcECCcheck                         
00000938  checkB0RAMECC                       
00000b28  checkB1RAMECC                       
00000d18  checkFlashECC                       
00000df4  custom_dabort                       
00000df8  stcSelfCheckFail                    
00000dfc  cpuSelfTestFail                     
00000e00  vimParityCheck                      
00000eac  het1ParityCheck                     
00000f4c  htu1ParityCheck                     
00001004  adc1ParityCheck                     
000010bc  can1ParityCheck                     
00001198  can2ParityCheck                     
00001260  mibspi1ParityCheck                  
000013bc  checkRAMECC                         
00001604  checkClockMonitor                   
000016d8  checkFlashEEPROMECC                 
00001880  checkPLL1Slip                       
0000199c  checkRAMAddrParity                  
00001aa4  checkRAMUERRTest                    
00001c00  fmcBus1ParityCheck                  
00001d2c  pbistFail                           
00001db0  pbistGetConfigValue                 
00001ef8  stcGetConfigValue                   
00001f98  efcGetConfigValue                   
00002034  ccmr4GetConfigValue                 
000020b0  errata_PBIST_4                      
000023d0  enableParity                        
00002424  disableParity                       
00002510  setupPLL                            
00002560  trimLPO                             
000025d4  setupFlash                          
00002614  periphInit                          
00002668  mapClocks                           
0000274c  systemInit                          
00002818  systemPowerDown                     
00002848  systemGetConfigValue                
00002c08  tcmflashGetConfigValue              
00002db4  sramGetConfigValue                  
00002ef0  customTrimLPO                       
00002fb0  vimInit                             
00003084  vimChannelMap                       
00003128  vimEnableInterrupt                  
00003280  vimDisableInterrupt                 
00003304  vimGetConfigValue                   
00003848  _errata_SSWF021_45_both_plls        
00003a3c  _errata_SSWF021_45_pll1             
00003bb4  _errata_SSWF021_45_pll2             
00003eac  esmInit                             
00003fb4  esmError                            
00003fd0  esmEnableError                      
00003ff8  esmDisableError                     
00004020  esmTriggerErrorPinReset             
00004030  esmActivateNormalOperation          
00004040  esmEnableInterrupt                  
00004068  esmDisableInterrupt                 
00004090  esmSetInterruptLevel                
00004104  esmClearStatus                      
00004144  esmClearStatusBuffer                
00004160  esmSetCounterPreloadValue           
00004180  esmGetStatus                        
00004204  esmGetStatusBuffer                  
0000423c  esmEnterSelfTest                    
000042c4  esmSelfTestStatus                   
00004314  esmGetConfigValue                   
00004468  _coreInitRegisters_                 
00004520  _coreInitStackPointer_              
0000456c  _getCPSRValue_                      
00004574  _gotoCPUIdle_                       
0000458c  _coreEnableEventBusExport_          
0000459c  _coreDisableEventBusExport_         
000045ac  _coreEnableRamEcc_                  
000045bc  _coreDisableRamEcc_                 
000045cc  _coreEnableFlashEcc_                
000045e0  _coreDisableFlashEcc_               
000045f0  _coreEnableIrqVicOffset_            
00004600  _coreGetDataFault_                  
00004608  _coreClearDataFault_                
00004614  _coreGetInstructionFault_           
0000461c  _coreClearInstructionFault_         
00004628  _coreGetDataFaultAddress_           
00004630  _coreClearDataFaultAddress_         
0000463c  _coreGetInstructionFaultAddress_    
00004644  _coreClearInstructionFaultAddress_  
00004650  _coreGetAuxiliaryDataFault_         
00004658  _coreClearAuxiliaryDataFault_       
00004664  _coreGetAuxiliaryInstructionFault_  
0000466c  _coreClearAuxiliaryInstructionFault_
00004678  _disable_interrupt_                 
00004680  _disable_FIQ_interrupt_             
00004688  _disable_IRQ_interrupt_             
00004690  _enable_interrupt_                  
00004698  _esmCcmErrorsClear_                 
00004720  _errata_CORTEXR4_66_                
00004730  __TI_PINIT_Base                     
00004734  __TI_PINIT_Limit                    
00004738  vimParityErrorHandler               
000049a0  _c_int00                            
00004bbc  muxInit                             
00004c44  pinmuxGetConfigValue                
00004d0c  esmHighInterrupt                    
00004df8  _dabort                             
00004ee0  _pmuInit_                           
00004f2c  _pmuEnableCountersGlobal_           
00004f3c  _pmuDisableCountersGlobal_          
00004f4c  _pmuResetCycleCounter_              
00004f5c  _pmuResetEventCounters_             
00004f6c  _pmuResetCounters_                  
00004f7c  _pmuStartCounters_                  
00004f84  _pmuStopCounters_                   
00004f8c  _pmuSetCountEvent_                  
00004f98  _pmuGetCycleCount_                  
00004fa0  _pmuGetEventCount_                  
00004fac  _pmuGetOverflow_                    
00004fc0  esmGroup1Notification               
00004fd0  esmGroup2Notification               
00004fe0  memoryPort0TestFailNotification     
00004ffc  memoryPort1TestFailNotification     
00005018  adcNotification                     
0000502c  __TI_auto_init_nobinit_nopinit      
00005094  C$$EXIT                             
00005094  abort                               
0000509c  main                                
000050a4  phantomInterrupt                    
000050a8  handlePLLLockFail                   
ffffffff  __TI_pprof_out_hndl                 
ffffffff  __TI_prof_data_size                 
ffffffff  __TI_prof_data_start                
ffffffff  __binit__                           
ffffffff  __c_args__                          
ffffffff  binit                               
UNDEFED   SHT$$INIT_ARRAY$$Base               
UNDEFED   SHT$$INIT_ARRAY$$Limit              
UNDEFED   __TI_CINIT_Base                     
UNDEFED   __TI_CINIT_Limit                    
UNDEFED   __TI_Handler_Table_Base             
UNDEFED   __TI_Handler_Table_Limit            
UNDEFED   _system_post_cinit                  

[156 symbols]
